---
source: src/tests/mod.rs
expression: ir_string
input_file: src/tests/source_files/primitive_literals.lv
---
ENTRY:
