---
source: src/tests/mod.rs
expression: tokens
input_file: src/tests/source_files/idents.lv
---
[
    Token {
        kind: Identifier,
        span: Span {
            start: 0,
            end: 1,
        },
    },
    Token {
        kind: Colon,
        span: Span {
            start: 2,
            end: 3,
        },
    },
    Token {
        kind: SingleEqual,
        span: Span {
            start: 3,
            end: 4,
        },
    },
    Token {
        kind: IntLiteral,
        span: Span {
            start: 5,
            end: 7,
        },
    },
    Token {
        kind: Semicolon,
        span: Span {
            start: 7,
            end: 8,
        },
    },
    Token {
        kind: Identifier,
        span: Span {
            start: 9,
            end: 10,
        },
    },
    Token {
        kind: Colon,
        span: Span {
            start: 11,
            end: 12,
        },
    },
    Token {
        kind: SingleEqual,
        span: Span {
            start: 12,
            end: 13,
        },
    },
    Token {
        kind: IntLiteral,
        span: Span {
            start: 14,
            end: 15,
        },
    },
    Token {
        kind: Semicolon,
        span: Span {
            start: 15,
            end: 16,
        },
    },
    Token {
        kind: Identifier,
        span: Span {
            start: 18,
            end: 19,
        },
    },
    Token {
        kind: Colon,
        span: Span {
            start: 20,
            end: 21,
        },
    },
    Token {
        kind: SingleEqual,
        span: Span {
            start: 21,
            end: 22,
        },
    },
    Token {
        kind: Identifier,
        span: Span {
            start: 23,
            end: 24,
        },
    },
    Token {
        kind: Plus,
        span: Span {
            start: 25,
            end: 26,
        },
    },
    Token {
        kind: Identifier,
        span: Span {
            start: 27,
            end: 28,
        },
    },
    Token {
        kind: Semicolon,
        span: Span {
            start: 28,
            end: 29,
        },
    },
    Token {
        kind: Identifier,
        span: Span {
            start: 31,
            end: 32,
        },
    },
    Token {
        kind: Semicolon,
        span: Span {
            start: 32,
            end: 33,
        },
    },
]
