---
source: src/tests/mod.rs
expression: tokens
input_file: src/tests/source_files/variable_decls.lv
---
[
    Token {
        kind: Identifier,
        span: Span {
            start: 0,
            end: 3,
        },
    },
    Token {
        kind: Colon,
        span: Span {
            start: 4,
            end: 5,
        },
    },
    Token {
        kind: Colon,
        span: Span {
            start: 5,
            end: 6,
        },
    },
    Token {
        kind: IntLiteral,
        span: Span {
            start: 7,
            end: 8,
        },
    },
    Token {
        kind: Semicolon,
        span: Span {
            start: 8,
            end: 9,
        },
    },
    Token {
        kind: Identifier,
        span: Span {
            start: 11,
            end: 14,
        },
    },
    Token {
        kind: Colon,
        span: Span {
            start: 15,
            end: 16,
        },
    },
    Token {
        kind: SingleEqual,
        span: Span {
            start: 16,
            end: 17,
        },
    },
    Token {
        kind: IntLiteral,
        span: Span {
            start: 18,
            end: 19,
        },
    },
    Token {
        kind: Semicolon,
        span: Span {
            start: 19,
            end: 20,
        },
    },
    Token {
        kind: Identifier,
        span: Span {
            start: 22,
            end: 25,
        },
    },
    Token {
        kind: Colon,
        span: Span {
            start: 26,
            end: 27,
        },
    },
    Token {
        kind: Identifier,
        span: Span {
            start: 28,
            end: 32,
        },
    },
    Token {
        kind: SingleEqual,
        span: Span {
            start: 33,
            end: 34,
        },
    },
    Token {
        kind: True,
        span: Span {
            start: 35,
            end: 39,
        },
    },
    Token {
        kind: Semicolon,
        span: Span {
            start: 39,
            end: 40,
        },
    },
    Token {
        kind: Identifier,
        span: Span {
            start: 42,
            end: 45,
        },
    },
    Token {
        kind: Colon,
        span: Span {
            start: 46,
            end: 47,
        },
    },
    Token {
        kind: Identifier,
        span: Span {
            start: 48,
            end: 52,
        },
    },
    Token {
        kind: Colon,
        span: Span {
            start: 53,
            end: 54,
        },
    },
    Token {
        kind: Unit,
        span: Span {
            start: 55,
            end: 59,
        },
    },
    Token {
        kind: Semicolon,
        span: Span {
            start: 59,
            end: 60,
        },
    },
]
