---
source: src/tests/mod.rs
expression: tokens
input_file: src/tests/source_files/operators.lv
---
[
    Token {
        kind: ExclamationMark,
        span: Span {
            start: 16,
            end: 17,
        },
    },
    Token {
        kind: True,
        span: Span {
            start: 17,
            end: 21,
        },
    },
    Token {
        kind: LBrace,
        span: Span {
            start: 38,
            end: 39,
        },
    },
    Token {
        kind: IntLiteral,
        span: Span {
            start: 39,
            end: 40,
        },
    },
    Token {
        kind: Minus,
        span: Span {
            start: 41,
            end: 42,
        },
    },
    Token {
        kind: IntLiteral,
        span: Span {
            start: 43,
            end: 44,
        },
    },
    Token {
        kind: RBrace,
        span: Span {
            start: 44,
            end: 45,
        },
    },
    Token {
        kind: Asterisk,
        span: Span {
            start: 46,
            end: 47,
        },
    },
    Token {
        kind: IntLiteral,
        span: Span {
            start: 48,
            end: 49,
        },
    },
    Token {
        kind: LBrace,
        span: Span {
            start: 51,
            end: 52,
        },
    },
    Token {
        kind: LBrace,
        span: Span {
            start: 52,
            end: 53,
        },
    },
    Token {
        kind: IntLiteral,
        span: Span {
            start: 53,
            end: 54,
        },
    },
    Token {
        kind: RBrace,
        span: Span {
            start: 54,
            end: 55,
        },
    },
    Token {
        kind: RBrace,
        span: Span {
            start: 55,
            end: 56,
        },
    },
    Token {
        kind: Slash,
        span: Span {
            start: 57,
            end: 58,
        },
    },
    Token {
        kind: IntLiteral,
        span: Span {
            start: 59,
            end: 60,
        },
    },
    Token {
        kind: Minus,
        span: Span {
            start: 61,
            end: 62,
        },
    },
    Token {
        kind: IntLiteral,
        span: Span {
            start: 63,
            end: 65,
        },
    },
    Token {
        kind: IntLiteral,
        span: Span {
            start: 67,
            end: 68,
        },
    },
    Token {
        kind: LessThan,
        span: Span {
            start: 69,
            end: 70,
        },
    },
    Token {
        kind: IntLiteral,
        span: Span {
            start: 71,
            end: 72,
        },
    },
    Token {
        kind: IntLiteral,
        span: Span {
            start: 73,
            end: 74,
        },
    },
    Token {
        kind: GreaterThan,
        span: Span {
            start: 75,
            end: 76,
        },
    },
    Token {
        kind: IntLiteral,
        span: Span {
            start: 77,
            end: 78,
        },
    },
    Token {
        kind: IntLiteral,
        span: Span {
            start: 79,
            end: 80,
        },
    },
    Token {
        kind: LessThanOrEqual,
        span: Span {
            start: 81,
            end: 83,
        },
    },
    Token {
        kind: IntLiteral,
        span: Span {
            start: 84,
            end: 85,
        },
    },
    Token {
        kind: IntLiteral,
        span: Span {
            start: 86,
            end: 87,
        },
    },
    Token {
        kind: GreaterThanOrEqual,
        span: Span {
            start: 88,
            end: 90,
        },
    },
    Token {
        kind: IntLiteral,
        span: Span {
            start: 91,
            end: 92,
        },
    },
    Token {
        kind: IntLiteral,
        span: Span {
            start: 94,
            end: 95,
        },
    },
    Token {
        kind: DoubleEqual,
        span: Span {
            start: 96,
            end: 98,
        },
    },
    Token {
        kind: IntLiteral,
        span: Span {
            start: 99,
            end: 100,
        },
    },
    Token {
        kind: IntLiteral,
        span: Span {
            start: 101,
            end: 102,
        },
    },
    Token {
        kind: NotEqual,
        span: Span {
            start: 103,
            end: 105,
        },
    },
    Token {
        kind: IntLiteral,
        span: Span {
            start: 106,
            end: 107,
        },
    },
]
