---
source: src/tests/mod.rs
expression: tokens
input_file: src/tests/source_files/scoping.lv
---
[
    Token {
        kind: Identifier,
        span: Span {
            start: 0,
            end: 1,
        },
    },
    Token {
        kind: Colon,
        span: Span {
            start: 2,
            end: 3,
        },
    },
    Token {
        kind: Colon,
        span: Span {
            start: 3,
            end: 4,
        },
    },
    Token {
        kind: LBrace,
        span: Span {
            start: 5,
            end: 6,
        },
    },
    Token {
        kind: Identifier,
        span: Span {
            start: 9,
            end: 10,
        },
    },
    Token {
        kind: Colon,
        span: Span {
            start: 11,
            end: 12,
        },
    },
    Token {
        kind: Colon,
        span: Span {
            start: 12,
            end: 13,
        },
    },
    Token {
        kind: LBrace,
        span: Span {
            start: 14,
            end: 15,
        },
    },
    Token {
        kind: Identifier,
        span: Span {
            start: 20,
            end: 21,
        },
    },
    Token {
        kind: Colon,
        span: Span {
            start: 22,
            end: 23,
        },
    },
    Token {
        kind: Colon,
        span: Span {
            start: 23,
            end: 24,
        },
    },
    Token {
        kind: IntLiteral,
        span: Span {
            start: 25,
            end: 26,
        },
    },
    Token {
        kind: Identifier,
        span: Span {
            start: 31,
            end: 32,
        },
    },
    Token {
        kind: Minus,
        span: Span {
            start: 33,
            end: 34,
        },
    },
    Token {
        kind: IntLiteral,
        span: Span {
            start: 35,
            end: 37,
        },
    },
    Token {
        kind: RBrace,
        span: Span {
            start: 40,
            end: 41,
        },
    },
    Token {
        kind: Identifier,
        span: Span {
            start: 44,
            end: 45,
        },
    },
    Token {
        kind: Plus,
        span: Span {
            start: 46,
            end: 47,
        },
    },
    Token {
        kind: IntLiteral,
        span: Span {
            start: 48,
            end: 50,
        },
    },
    Token {
        kind: RBrace,
        span: Span {
            start: 51,
            end: 52,
        },
    },
    Token {
        kind: Identifier,
        span: Span {
            start: 54,
            end: 55,
        },
    },
    Token {
        kind: Minus,
        span: Span {
            start: 56,
            end: 57,
        },
    },
    Token {
        kind: IntLiteral,
        span: Span {
            start: 58,
            end: 59,
        },
    },
]
