---
source: src/tests/mod.rs
expression: ast
input_file: src/tests/source_files/variable_decls.lv
---
Program(
    [
        Expression {
            span: Span {
                start: 0,
                end: 84,
            },
            kind: VariableDecl {
                name: "main",
                value: Expression {
                    span: Span {
                        start: 8,
                        end: 84,
                    },
                    kind: Function {
                        parameters: [],
                        return_type: None,
                        body: Expression {
                            span: Span {
                                start: 16,
                                end: 84,
                            },
                            kind: Block(
                                [
                                    Expression {
                                        span: Span {
                                            start: 20,
                                            end: 28,
                                        },
                                        kind: VariableDecl {
                                            name: "foo",
                                            value: Expression {
                                                span: Span {
                                                    start: 27,
                                                    end: 28,
                                                },
                                                kind: IntLiteral(
                                                    6,
                                                ),
                                            },
                                            mutable: false,
                                            ty: None,
                                        },
                                    },
                                    Expression {
                                        span: Span {
                                            start: 32,
                                            end: 40,
                                        },
                                        kind: VariableDecl {
                                            name: "bar",
                                            value: Expression {
                                                span: Span {
                                                    start: 39,
                                                    end: 40,
                                                },
                                                kind: IntLiteral(
                                                    7,
                                                ),
                                            },
                                            mutable: true,
                                            ty: None,
                                        },
                                    },
                                    Expression {
                                        span: Span {
                                            start: 44,
                                            end: 61,
                                        },
                                        kind: VariableDecl {
                                            name: "baz",
                                            value: Expression {
                                                span: Span {
                                                    start: 57,
                                                    end: 61,
                                                },
                                                kind: BoolLiteral(
                                                    true,
                                                ),
                                            },
                                            mutable: true,
                                            ty: Some(
                                                Ident(
                                                    "Bool",
                                                ),
                                            ),
                                        },
                                    },
                                    Expression {
                                        span: Span {
                                            start: 65,
                                            end: 82,
                                        },
                                        kind: VariableDecl {
                                            name: "qux",
                                            value: Expression {
                                                span: Span {
                                                    start: 78,
                                                    end: 82,
                                                },
                                                kind: Unit,
                                            },
                                            mutable: false,
                                            ty: Some(
                                                Ident(
                                                    "Unit",
                                                ),
                                            ),
                                        },
                                    },
                                ],
                            ),
                        },
                    },
                },
                mutable: false,
                ty: None,
            },
        },
    ],
)
